C:\Users\ryder\Documents\program\java\作業\大一下\FinalProject\src\main\java\com\example\finalproject\ClassicController.java
C:\Users\ryder\Documents\program\java\作業\大一下\FinalProject\src\main\java\com\example\finalproject\Enemy.java
C:\Users\ryder\Documents\program\java\作業\大一下\FinalProject\src\main\java\com\example\finalproject\Entity.java
C:\Users\ryder\Documents\program\java\作業\大一下\FinalProject\src\main\java\com\example\finalproject\GameConfig.java
C:\Users\ryder\Documents\program\java\作業\大一下\FinalProject\src\main\java\com\example\finalproject\Launcher.java
C:\Users\ryder\Documents\program\java\作業\大一下\FinalProject\src\main\java\com\example\finalproject\LoseController.java
C:\Users\ryder\Documents\program\java\作業\大一下\FinalProject\src\main\java\com\example\finalproject\Main.java
C:\Users\ryder\Documents\program\java\作業\大一下\FinalProject\src\main\java\com\example\finalproject\MenuController.java
C:\Users\ryder\Documents\program\java\作業\大一下\FinalProject\src\main\java\com\example\finalproject\Player.java
C:\Users\ryder\Documents\program\java\作業\大一下\FinalProject\src\main\java\com\example\finalproject\SceneManager.java
C:\Users\ryder\Documents\program\java\作業\大一下\FinalProject\src\main\java\com\example\finalproject\SpecialController.java
C:\Users\ryder\Documents\program\java\作業\大一下\FinalProject\src\main\java\com\example\finalproject\WinController.java
C:\Users\ryder\Documents\program\java\作業\大一下\FinalProject\src\main\java\module-info.java
